../../TouchGFX/gui/include/gui/screen1_screen/Screen1Presenter.hpp:30:13:Screen1Presenter::~Screen1Presenter()	0	static
D:/TouchGFXProjects/MyApplication/TouchGFX/gui/src/screen1_screen/Screen1Presenter.cpp:10:6:virtual void Screen1Presenter::activate()	0	static
../../TouchGFX/gui/include/gui/screen1_screen/Screen1Presenter.hpp:30:13:virtual Screen1Presenter::~Screen1Presenter()	8	static
D:/TouchGFXProjects/MyApplication/TouchGFX/gui/src/screen1_screen/Screen1Presenter.cpp:21:6:virtual void Screen1Presenter::handle_tirette(bool)	0	static
../../TouchGFX/gui/include/gui/screen1_screen/Screen1Presenter.hpp:30:13:virtual void* Screen1Presenter::_ZThn4_N16Screen1PresenterD1Ev()	0	static
../../TouchGFX/gui/include/gui/screen1_screen/Screen1Presenter.hpp:30:13:virtual void* Screen1Presenter::_ZThn4_N16Screen1PresenterD0Ev()	16	static
../../TouchGFX/gui/include/gui/screen1_screen/Screen1Presenter.hpp:28:18:virtual void Screen1Presenter::_ZThn4_N16Screen1Presenter14handle_tiretteEb(bool)	0	static
D:/TouchGFXProjects/MyApplication/TouchGFX/gui/src/screen1_screen/Screen1Presenter.cpp:4:1:Screen1Presenter::Screen1Presenter(Screen1View&)	4	static
